server Name    : 
Uptime         : 
Disk Usage     : %
Memory Usage   : %
====================================
server Name    : 
Uptime         : 
Disk Usage     : %
Memory Usage   : %
====================================
===============================
server Name    : 
Uptime         : 
Disk Usage     : %
Memory Usage   : %
====================================
===============================
server Name    : 
Uptime         : 
Disk Usage     : %
Memory Usage   : %
====================================
===============================
server Name    : sagar-VirtualBox
Uptime         : up 2 hours, 10 minutes
Disk Usage     : %
Memory Usage   : 50%
====================================
===============================
server Name    : sagar-VirtualBox
Uptime         : up 2 hours, 11 minutes
Disk Usage     : %
Memory Usage   : 49%
====================================
================================
================================
================================
====================================
================================
====================================
================================
====================================
================================
 Time         : Mon Jul 20 04:32:36 PM IST 2026
 Server Name  : sagar-VirtualBox
 Uptime       : up 2 hours, 56 minutes
 Disk Usage   : 47%
 Memory Usage : 56%
====================================
================================
 Time         : Mon Jul 20 04:35:30 PM IST 2026
 Server Name  : sagar-VirtualBox
 Uptime       : up 2 hours, 59 minutes
 Disk Usage   : 47%
 Memory Usage : 57%
====================================
================================
 Time         : Mon Jul 20 04:39:23 PM IST 2026
 Server Name  : sagar-VirtualBox
 Uptime       : up 3 hours, 3 minutes
 Disk Usage   : 47%
 Memory Usage : 57%
====================================
================================
 Time         : Mon Jul 20 04:41:22 PM IST 2026
 Server Name  : sagar-VirtualBox
 Uptime       : up 3 hours, 5 minutes
 Disk Usage   : 47%
 Memory Usage : 57%
====================================
================================
 Time         : Mon Jul 20 04:42:54 PM IST 2026
 Server Name  : sagar-VirtualBox
 Uptime       : up 3 hours, 6 minutes
 Disk Usage   : 47%
 Memory Usage : 57%
====================================
================================
 Time         : Mon Jul 20 04:45:30 PM IST 2026
 Server Name  : sagar-VirtualBox
 Uptime       : up 3 hours, 9 minutes
 Disk Usage   : 47%
 Memory Usage : 57%
====================================
================================
 Time         : Mon Jul 20 04:50:41 PM IST 2026
 Server Name  : sagar-VirtualBox
 Uptime       : up 3 hours, 14 minutes
 Disk Usage   : 47%
 Memory Usage : 57%
====================================
================================
 Time         : Tue Jul 21 12:43:01 AM IST 2026
 Server Name  : sagar-VirtualBox
 Uptime       : up 10 minutes
 Disk Usage   : 48%
 Memory Usage : 29%
====================================
================================
 Time         : Tue Jul 21 01:00:30 AM IST 2026
 Server Name  : sagar-VirtualBox
 Uptime       : up 28 minutes
 Disk Usage   : 48%
 Memory Usage : 49%
====================================
================================
 Time         : Tue Jul 21 01:11:30 AM IST 2026
 Server Name  : sagar-VirtualBox
 Uptime       : up 39 minutes
 Disk Usage   : 48%
 Memory Usage : 50%
====================================
================================
 Time         : Tue Jul 21 01:17:08 AM IST 2026
 Server Name  : sagar-VirtualBox
 Uptime       : up 44 minutes
 Disk Usage   : 48%
 Memory Usage : 49%
====================================
================================
 Time         : Tue Jul 21 01:20:17 AM IST 2026
 Server Name  : sagar-VirtualBox
 Uptime       : up 48 minutes
 Disk Usage   : 48%
 Memory Usage : 49%
====================================
================================
 Time         : Tue Jul 21 01:21:53 AM IST 2026
 Server Name  : sagar-VirtualBox
 Uptime       : up 49 minutes
 Disk Usage   : 48%
 Memory Usage : 50%
====================================
================================
 Time         : Tue Jul 21 01:22:59 AM IST 2026
 Server Name  : sagar-VirtualBox
 Uptime       : up 50 minutes
 Disk Usage   : 48%
 Memory Usage : 50%
====================================
================================
 Time         : Tue Jul 21 01:31:46 AM IST 2026
 Server Name  : sagar-VirtualBox
 Uptime       : up 59 minutes
 Disk Usage   : 48%
 Memory Usage : 33%
====================================
